// Jest Snapshot v1, https://goo.gl/fbAQLP

exports[`<Navbar /> deber√≠a mostrar el nombre en la Navbar 1`] = `
<nav
  className="navbar navbar-expand-sm p-3 navbar-dark bg-dark"
>
  <a
    className="navbar-brand"
    onClick={[Function]}
  >
    Heroes App
  </a>
  <div
    className="navbar-collapse"
  >
    <div
      className="navbar-nav"
    >
      <a
        aria-current={null}
        className="nav-item nav-link"
        onClick={[Function]}
      >
        Marvel
      </a>
      <a
        aria-current={null}
        className="nav-item nav-link"
        onClick={[Function]}
      >
        DC
      </a>
      <a
        aria-current={null}
        className="nav-item nav-link"
        onClick={[Function]}
      >
        Search
      </a>
    </div>
  </div>
  <div
    className="navbar-collapse flex-row-reverse collapse w-100 order-3 dual-collapse2"
  >
    <ul
      className="navbar-nav ml-auto"
      style={
        Object {
          "alignItems": "center",
          "justifyContent": "center",
        }
      }
    >
      <li
        style={
          Object {
            "marginRight": 20,
          }
        }
      >
        <p
          className="text-info"
          style={
            Object {
              "color": "royalblue",
              "margin": 0,
            }
          }
        >
          Ismael Bonilla
        </p>
      </li>
      <li>
        <button
          className="nav-item nav-link btn btn-danger"
          onClick={[Function]}
        >
          Logout
        </button>
      </li>
    </ul>
  </div>
</nav>
`;
