// Jest Snapshot v1, https://goo.gl/fbAQLP

exports[`<HeroeScreen /> debe mostrar el componente redirect si no hay argumentos en la URL 1`] = `""`;
